
 Start  Stop   Length Name               Class

 00000H 001BBH 001BCH FINAL_TEXT         CODE
 001BCH 005F2H 00437H _TEXT              CODE
 00600H 0091FH 00320H _DATA              DATA
 00920H 00E1FH 00500H STACK              STACK


Detailed map of segments

 0000:0000 00DE C=CODE   S=FINAL_TEXT     G=(none) M=FINAL.ASM  ACBP=48
 0000:00DE 00DE C=CODE   S=FINAL_TEXT     G=(none) M=FINAL.ASM  ACBP=48
 001B:000C 0437 C=CODE   S=_TEXT          G=(none)   M=NUMBERS.ASM ACBP=48
 0060:0000 0164 C=DATA   S=_DATA          G=DGROUP  M=FINAL.ASM  ACBP=48
 0060:0164 0057 C=DATA   S=_DATA          G=DGROUP  M=NUMBERS.ASM ACBP=48
 0060:01BC 0164 C=DATA   S=_DATA          G=DGROUP  M=FINAL.ASM  ACBP=48
 0060:0320 0200 C=STACK  S=STACK          G=DGROUP  M=FINAL.ASM  ACBP=74
 0060:0520 0100 C=STACK  S=STACK          G=DGROUP  M=NUMBERS.ASM ACBP=74
 0060:0620 0200 C=STACK  S=STACK          G=DGROUP  M=FINAL.ASM  ACBP=74

  Address         Publics by Name

 001B:0000C       ATOF
 001B:00353       ATOI
 001B:00155       FTOA
 001B:00279       ITOA

  Address         Publics by Value

 001B:00353       ATOI
 001B:00279       ITOA
 001B:00155       FTOA
 001B:0000C       ATOF

Program entry point at 0000:0000

